Ceci est un test pour trouver une      [41m[37m+[39m[49m Ceci est un test pour trouver une     
bonne fa√ßon                              [31m([39m[31mtr√®s[39m[31m)[39m[31m [39mbonne fa√ßon                    
de repr√©senter les dif√©rences entre    [41m[37m+[39m[49m de repr√©senter les dif[31mf[39m√©rences entre  
deux textes ou deux cha√Ænes              deux textes ou deux cha√Ænes           
de caract√®res.                         = de caract√®res.                        
                                       [41m[37m+[39m[49m [31m                                      [0m
                                       [41m[37m+[39m[49m [31mIl s'agirait ensuite de l'inclure dans[0m
                                         [31mle package verify pour obtenir        [0m
                                       [41m[37m+[39m[49m [31mun outil de test.                     [0m
                                       =                                       
Happy end.                             = Happy end.                            