[34mCeci est un test pour trouver une     [0m [44m[37m-[39m[49m                                       
[34mbonne fa√ßon                           [0m                                         
[34mde repr√©senter les dif√©rences entre   [0m [44m[37m-[39m[49m                                       
[34mdeux textes ou deux cha√Ænes           [0m                                         
                                       [41m[37m+[39m[49m [31mCeci est un test pour trouver une     [0m
                                         [31m(tr√®s) bonne fa√ßon                    [0m
                                       [41m[37m+[39m[49m [31mde repr√©senter les diff√©rences entre  [0m
                                         [31mdeux textes ou deux cha√Ænes           [0m
de caract√®res.                         = de caract√®res.                        
                                       [41m[37m+[39m[49m [31m                                      [0m
                                       [41m[37m+[39m[49m [31mIl s'agirait ensuite de l'inclure dans[0m
                                         [31mle package verify pour obtenir        [0m
                                       [41m[37m+[39m[49m [31mun outil de test.                     [0m
                                       =                                       
Happy end.                             = Happy end.                            