[34mWhatever goes upon two legs is an[0m      [44m[37m-[39;49m [9mWhatever goes upon two legs is an[0m     
[34menemy.[39m                                   [9menemy.[29m                                
[34mWhatever goes upon four legs, or has[0m   [44m[37m-[39;49m [9mWhatever goes upon four legs, or has[0m  
[34mwings, is a friend.[39m                      [9mwings, is a friend.[29m                   
[34mNo animal shall wear clothes.[39m          [44m[37m-[39;49m [9mNo animal shall wear clothes.[29m         
[9mFour legs good, two legs better.[29m       [41m[37m+[39;49m [31mFour legs good, two legs better.[39m      
No animal shall sleep in a bed[9m [29m[9mwithout[0m [41m[37m+[39;49m No animal shall sleep in a bed[31m [39m[31mwithout[0m
[9m [29m[9msheets[29m.                                 [31m [39m[31msheets[39m.                              
No animal shall drink alcohol[9m [29m[9mto[0m       [41m[37m+[39;49m No animal shall drink alcohol[31m [39m[31mto[0m      
[9mexcess[29m.                                  [31mexcess[39m.                               
No animal shall kill any other animal[0m  [41m[37m+[39;49m No animal shall kill any other animal[0m 
[9mwithout[29m[9m [29m[9mcause[29m.                           [31mwithout[39m[31m [39m[31mcause[39m.                        
All animals are equal[9m [29m[9mbut[29m[9m [29m[9msome[29m[9m [29m[9mare[0m     [41m[37m+[39;49m All animals are equal[31m [39m[31mbut[39m[31m [39m[31msome[39m[31m [39m[31mare[0m    
[9mmore[29m[9m [29m[9mequal[29m[9m [29m[9mthan[29m[9m [29m[9mothers[29m.                  [31mmore[39m[31m [39m[31mequal[39m[31m [39m[31mthan[39m[31m [39m[31mothers[39m.               