Ceci est un test pour trouver une[0m      [41m[37m+[39;49m  Ceci est un test pour trouver une[0m     
[9m([29m[9mtr√®s[29m[9m)[29m[9m [29mbonne fa√ßon                        [31m([39m[31mtr√®s[39m[31m)[39m[31m [39mbonne fa√ßon                    
de repr√©senter les[0m                     [41m[37m<>[39;49m de repr√©senter les[0m                    
[34mdif√©rences[39m[9mdiff√©rences[29m entre deux          [9mdif√©rences[29m[31mdiff√©rences[39m entre deux      
textes ou deux cha√Ænes                    textes ou deux cha√Ænes                
de caract√®res.                         =  de caract√®res.                        
                                       [41m[37m+[39;49m                                        
[9mIl s'agirait ensuite de l'inclure dans[0m [41m[37m+[39;49m  [31mIl s'agirait ensuite de l'inclure dans[0m
[9mle package verify pour obtenir[29m            [31mle package verify pour obtenir[39m        
[9mun outil de test.[29m                      [41m[37m+[39;49m  [31mun outil de test.[39m                     
                                       =                                        
Happy end.                             =  Happy end.                            