#include "win31.h"                     = #include "win31.h"                    
[34m#include "notfullyworkingyet.h"[39m        [44m[37m-[39;49m                                       
                                       [41m[37m+[39;49m [31m#include "win95.h"[39m                    
                                       [41m[37m+[39;49m [31m#include "stillnotfullyworking.h"[39m     
                                       =                                       
[34mchar make_prog_look_big[800000];[39m       [44m[37m-[39;49m                                       
                                       [41m[37m+[39;49m [31mchar make_prog_look_big[1600000];[39m     
                                       =                                       
void main()                            = void main()                           
{                                      = {                                     
[34mdisplay_copyright_message();[39m           [44m[37m-[39;49m                                       
[34mbasically_run_windows_3.1();[39m           [44m[37m-[39;49m                                       
                                       [41m[37m+[39;49m [31mif (fast_cpu())[39m                       
                                       [41m[37m+[39;49m [31m{[39m                                     
                                       [41m[37m+[39;49m [31mset_wait_states(lots);[39m                
                                       [41m[37m+[39;49m [31mset_mouse(speed, very_slow);[39m          
                                       [41m[37m+[39;49m [31m}[39m                                     
                                       =                                       
                                       [41m[37m+[39;49m [31mwhile(LESS_THAN_FOREVER)[39m              
                                       [41m[37m+[39;49m [31m{[39m                                     
                                       [41m[37m+[39;49m [31mdisplay_copyright_message();[39m          
                                       [41m[37m+[39;49m [31msimulate_important_action();[39m          
                                       [41m[37m+[39;49m [31mbasically_run_windows_3.1();[39m          
                                       [41m[37m+[39;49m [31mmake_think_we_are_busy();[39m             
                                       [41m[37m+[39;49m [31m}[39m                                     
                                       [41m[37m+[39;49m                                       
/* printf("Welcome to Windows          = /* printf("Welcome to Windows         
3.11"); */                               3.11"); */                            
[34mprintf("Welcome to Windows 95");[39m       [44m[37m-[39;49m                                       
                                       [41m[37m+[39;49m [31m/* printf("Welcome to Windows[0m         
                                         [31m95"); */[39m                              
                                       [41m[37m+[39;49m [31mprintf("Welcome to Windows 98");[39m      
if (system_ok_for_too_long())          = if (system_ok_for_too_long())         
{                                      = {                                     
bsod(random_err());                    = bsod(random_err());                   
crash(to_dos_prompt);                  = crash(to_dos_prompt);                 
}                                      = }                                     
else                                   = else                                  
system_memory =                        = system_memory =                       
open("swp0001.swp", O_CREATE);           open("swp0001.swp", O_CREATE);        
                                       =                                       
while(!system_up_for_too_long())       = while(!system_up_for_too_long())      
{                                      = {                                     
[34msleep(15);[39m                             [44m[37m-[39;49m                                       
                                       [41m[37m+[39;49m [31msleep(5);[39m                             
get_user_input();                      = get_user_input();                     
[34msleep(15);[39m                             [44m[37m-[39;49m                                       
                                       [41m[37m+[39;49m [31msleep(5);[39m                             
act_on_user_input();                   = act_on_user_input();                  
[34msleep(15);[39m                             [44m[37m-[39;49m                                       
                                       [41m[37m+[39;49m [31msleep(5);[39m                             
}                                      = }                                     
create_general_protection_fault();     = create_general_protection_fault();    
}                                      = }                                     