Ceci est un test pour trouver une bonne fa√ßon                   <> Ceci est un test pour trouver une [4;31m(tr√®s) [0mbonne fa√ßon                 
de repr√©senter les dif√©rences entre deux textes ou deux cha√Ænes =  de repr√©senter les dif√©rences entre deux textes ou deux cha√Ænes      
de caract√®res.                                                  =  de caract√®res.                                                       
                                                                =                                                                       
                                                                +  [4;31mIl s'agirait ensuite de l'inclure dans le package verify pour obtenir[0m
                                                                +  [4;31mun chouette outil de test.[0m                                           
                                                                +                                                                       
Happy end.                                                      =  Happy end.                                                           
                                                                =                                                                       

Ceci est un test pour trouver une [4;31m(tr√®s) [0mbonne fa√ßon                  <> Ceci est un test pour trouver une bonne fa√ßon                  
de repr√©senter les dif√©rences entre deux textes ou deux cha√Ænes       =  de repr√©senter les dif√©rences entre deux textes ou deux cha√Ænes
de caract√®res.                                                        =  de caract√®res.                                                 
                                                                      =                                                                 
[4;31mIl s'agirait ensuite de l'inclure dans le package verify pour obtenir[0m -                                                                 
[4;31mun chouette outil de test.[0m                                            -                                                                 
                                                                      -                                                                 
Happy end.                                                            =  Happy end.                                                     
                                                                      =                                                                 